# autosolver divergence log — session Fri May 22 13:45:39 2026
# fields: tick=240Hz physics frame; idx=offset into plan; pStart=plan start frame; pred=(x,y) sim post-tick prediction; actual=(x,y) real post-tick position; d=(dx,dy) dist=sqrt; yVel=real player; simYVel=sim's yVel for the same tick; dYVel=simYVel-yVel (positive=sim faster upward); gravity/speed=real player; gnd=g1/g2/g3/g4; btnWant=plan input THIS tick; btnHeld=real button state; plan=binary context, [x] marks THIS tick
tick=7585 idx=0 pStart=7585 pred=(11674.738,230.506) actual=(11674.738,230.390) d=(+0.0000,+0.1161) dist=0.1161 yVel=6.3550 simYVel=6.8710 dYVel=+0.5160 gravity=1.000 speed=1.100 gnd=0/0/1/0 btnWant=1 btnHeld=1 jumpBuf=1 gravPortal=0 ud=0 simUD=0 udMismatch=0 plan=[1]11111
tick=7586 idx=1 pStart=7585 pred=(11676.353,232.023) actual=(11676.353,231.791) d=(+0.0000,+0.2322) dist=0.2322 yVel=6.2260 simYVel=6.7420 dYVel=+0.5160 gravity=1.000 speed=1.100 gnd=0/0/1/0 btnWant=1 btnHeld=1 jumpBuf=1 gravPortal=0 ud=0 simUD=0 udMismatch=0 plan=1[1]11111
tick=7587 idx=2 pStart=7585 pred=(11677.967,233.511) actual=(11677.967,233.163) d=(+0.0000,+0.3483) dist=0.3483 yVel=6.0970 simYVel=6.6130 dYVel=+0.5160 gravity=1.000 speed=1.100 gnd=0/0/1/0 btnWant=1 btnHeld=1 jumpBuf=1 gravPortal=0 ud=0 simUD=0 udMismatch=0 plan=11[1]11111
tick=7588 idx=3 pStart=7585 pred=(11679.581,234.970) actual=(11679.581,234.505) d=(+0.0000,+0.4644) dist=0.4644 yVel=5.9680 simYVel=6.4840 dYVel=+0.5160 gravity=1.000 speed=1.100 gnd=0/0/1/0 btnWant=1 btnHeld=1 jumpBuf=1 gravPortal=0 ud=0 simUD=0 udMismatch=0 plan=111[1]11111
tick=7589 idx=0 pStart=7589 pred=(11681.195,236.051) actual=(11681.195,235.819) d=(+0.0000,+0.2322) dist=0.2322 yVel=5.8390 simYVel=6.8710 dYVel=+1.0320 gravity=1.000 speed=1.100 gnd=0/0/1/0 btnWant=1 btnHeld=1 jumpBuf=1 gravPortal=0 ud=0 simUD=0 udMismatch=0 plan=[1]11111
tick=7590 idx=1 pStart=7589 pred=(11682.810,237.568) actual=(11682.810,237.104) d=(+0.0000,+0.4644) dist=0.4644 yVel=5.7100 simYVel=6.7420 dYVel=+1.0320 gravity=1.000 speed=1.100 gnd=0/0/1/0 btnWant=1 btnHeld=1 jumpBuf=1 gravPortal=0 ud=0 simUD=0 udMismatch=0 plan=1[1]11111
tick=7591 idx=2 pStart=7589 pred=(11684.424,239.056) actual=(11684.424,238.360) d=(+0.0000,+0.6966) dist=0.6966 yVel=5.5810 simYVel=6.6130 dYVel=+1.0320 gravity=1.000 speed=1.100 gnd=0/0/1/0 btnWant=1 btnHeld=1 jumpBuf=1 gravPortal=0 ud=0 simUD=0 udMismatch=0 plan=11[1]11111
tick=7592 idx=3 pStart=7589 pred=(11686.038,240.515) actual=(11686.038,239.586) d=(+0.0000,+0.9288) dist=0.9288 yVel=5.4520 simYVel=6.4840 dYVel=+1.0320 gravity=1.000 speed=1.100 gnd=0/0/1/0 btnWant=1 btnHeld=1 jumpBuf=1 gravPortal=0 ud=0 simUD=0 udMismatch=0 plan=111[1]11111
tick=7593 idx=4 pStart=7589 pred=(11687.652,241.945) actual=(11687.652,240.784) d=(+0.0000,+1.1610) dist=1.1610 yVel=5.3230 simYVel=6.3550 dYVel=+1.0320 gravity=1.000 speed=1.100 gnd=0/0/1/0 btnWant=1 btnHeld=1 jumpBuf=1 gravPortal=0 ud=0 simUD=0 udMismatch=0 plan=1111[1]11111
tick=7594 idx=5 pStart=7589 pred=(11689.267,243.346) actual=(11689.267,241.953) d=(+0.0000,+1.3932) dist=1.3932 yVel=5.1940 simYVel=6.2260 dYVel=+1.0320 gravity=1.000 speed=1.100 gnd=0/0/1/0 btnWant=1 btnHeld=1 jumpBuf=1 gravPortal=0 ud=0 simUD=0 udMismatch=0 plan=11111[1]11111
tick=7595 idx=6 pStart=7589 pred=(11690.881,244.718) actual=(11690.881,243.092) d=(+0.0000,+1.6254) dist=1.6254 yVel=5.0650 simYVel=6.0970 dYVel=+1.0320 gravity=1.000 speed=1.100 gnd=0/0/1/0 btnWant=1 btnHeld=1 jumpBuf=1 gravPortal=0 ud=0 simUD=0 udMismatch=0 plan=11111[1]11111
tick=7596 idx=7 pStart=7589 pred=(11692.495,246.061) actual=(11692.495,244.203) d=(+0.0000,+1.8576) dist=1.8576 yVel=4.9360 simYVel=5.9680 dYVel=+1.0320 gravity=1.000 speed=1.100 gnd=0/0/1/0 btnWant=1 btnHeld=1 jumpBuf=1 gravPortal=0 ud=0 simUD=0 udMismatch=0 plan=11111[1]11111
tick=7597 idx=8 pStart=7589 pred=(11694.109,247.374) actual=(11694.109,245.285) d=(+0.0000,+2.0898) dist=2.0898 yVel=4.8070 simYVel=5.8390 dYVel=+1.0320 gravity=1.000 speed=1.100 gnd=0/0/1/0 btnWant=1 btnHeld=1 jumpBuf=1 gravPortal=0 ud=0 simUD=0 udMismatch=0 plan=11111[1]11111
tick=7598 idx=9 pStart=7589 pred=(11695.724,248.659) actual=(11695.724,246.337) d=(+0.0000,+2.3220) dist=2.3220 yVel=4.6780 simYVel=5.7100 dYVel=+1.0320 gravity=1.000 speed=1.100 gnd=0/0/1/0 btnWant=1 btnHeld=1 jumpBuf=1 gravPortal=0 ud=0 simUD=0 udMismatch=0 plan=11111[1]11111
tick=7599 idx=10 pStart=7589 pred=(11697.338,249.915) actual=(11697.338,247.361) d=(+0.0000,+2.5542) dist=2.5542 yVel=4.5490 simYVel=5.5810 dYVel=+1.0320 gravity=1.000 speed=1.100 gnd=0/0/1/0 btnWant=1 btnHeld=1 jumpBuf=1 gravPortal=0 ud=0 simUD=0 udMismatch=0 plan=11111[1]11111
tick=7600 idx=11 pStart=7589 pred=(11698.952,251.141) actual=(11698.952,248.355) d=(+0.0000,+2.7864) dist=2.7864 yVel=4.4200 simYVel=5.4520 dYVel=+1.0320 gravity=1.000 speed=1.100 gnd=0/0/1/0 btnWant=1 btnHeld=1 jumpBuf=1 gravPortal=0 ud=0 simUD=0 udMismatch=0 plan=11111[1]11111
tick=8273 idx=0 pStart=8273 pred=(12785.348,304.376) actual=(12785.348,304.307) d=(+0.0000,+0.0684) dist=0.0684 yVel=6.3440 simYVel=6.6480 dYVel=+0.3040 gravity=1.000 speed=1.100 gnd=1/0/1/0 btnWant=1 btnHeld=1 jumpBuf=1 gravPortal=0 ud=0 simUD=0 udMismatch=0 plan=[1]11111
tick=8274 idx=1 pStart=8273 pred=(12786.962,305.837) actual=(12786.962,305.701) d=(+0.0000,+0.1368) dist=0.1368 yVel=6.1920 simYVel=6.4960 dYVel=+0.3040 gravity=1.000 speed=1.100 gnd=1/0/1/0 btnWant=1 btnHeld=1 jumpBuf=1 gravPortal=0 ud=0 simUD=0 udMismatch=0 plan=1[1]11111
tick=8275 idx=2 pStart=8273 pred=(12788.576,307.265) actual=(12788.576,307.060) d=(+0.0000,+0.2052) dist=0.2052 yVel=6.0400 simYVel=6.3440 dYVel=+0.3040 gravity=1.000 speed=1.100 gnd=1/0/1/0 btnWant=1 btnHeld=1 jumpBuf=1 gravPortal=0 ud=0 simUD=0 udMismatch=0 plan=11[1]11111
tick=8276 idx=3 pStart=8273 pred=(12790.190,308.658) actual=(12790.190,308.384) d=(+0.0000,+0.2736) dist=0.2736 yVel=5.8880 simYVel=6.1920 dYVel=+0.3040 gravity=1.000 speed=1.100 gnd=1/0/1/0 btnWant=1 btnHeld=1 jumpBuf=1 gravPortal=0 ud=0 simUD=0 udMismatch=0 plan=111[1]11111
tick=8277 idx=4 pStart=8273 pred=(12791.805,310.017) actual=(12791.805,309.675) d=(+0.0000,+0.3420) dist=0.3420 yVel=5.7360 simYVel=6.0400 dYVel=+0.3040 gravity=1.000 speed=1.100 gnd=1/0/1/0 btnWant=1 btnHeld=1 jumpBuf=1 gravPortal=0 ud=0 simUD=0 udMismatch=0 plan=1111[1]11111
tick=8278 idx=5 pStart=8273 pred=(12793.419,311.342) actual=(12793.419,310.931) d=(+0.0000,+0.4104) dist=0.4104 yVel=5.5840 simYVel=5.8880 dYVel=+0.3040 gravity=1.000 speed=1.100 gnd=1/0/1/0 btnWant=1 btnHeld=1 jumpBuf=1 gravPortal=0 ud=0 simUD=0 udMismatch=0 plan=11111[1]11111
tick=8279 idx=6 pStart=8273 pred=(12795.033,312.632) actual=(12795.033,312.154) d=(+0.0000,+0.4788) dist=0.4788 yVel=5.4320 simYVel=5.7360 dYVel=+0.3040 gravity=1.000 speed=1.100 gnd=1/0/1/0 btnWant=1 btnHeld=1 jumpBuf=1 gravPortal=0 ud=0 simUD=0 udMismatch=0 plan=11111[1]11111
tick=8280 idx=7 pStart=8273 pred=(12796.647,313.889) actual=(12796.647,313.342) d=(+0.0000,+0.5472) dist=0.5472 yVel=5.2800 simYVel=5.5840 dYVel=+0.3040 gravity=1.000 speed=1.100 gnd=1/0/1/0 btnWant=1 btnHeld=1 jumpBuf=1 gravPortal=0 ud=0 simUD=0 udMismatch=0 plan=11111[1]11111
tick=8281 idx=8 pStart=8273 pred=(12798.262,315.111) actual=(12798.262,314.495) d=(+0.0000,+0.6156) dist=0.6156 yVel=5.1280 simYVel=5.4320 dYVel=+0.3040 gravity=1.000 speed=1.100 gnd=1/0/1/0 btnWant=1 btnHeld=1 jumpBuf=1 gravPortal=0 ud=0 simUD=0 udMismatch=0 plan=11111[1]11111
tick=8282 idx=9 pStart=8273 pred=(12799.876,316.299) actual=(12799.876,315.615) d=(+0.0000,+0.6840) dist=0.6840 yVel=4.9760 simYVel=5.2800 dYVel=+0.3040 gravity=1.000 speed=1.100 gnd=1/0/1/0 btnWant=1 btnHeld=1 jumpBuf=1 gravPortal=0 ud=0 simUD=0 udMismatch=0 plan=11111[1]11111
tick=8283 idx=10 pStart=8273 pred=(12801.490,317.453) actual=(12801.490,316.700) d=(+0.0000,+0.7524) dist=0.7524 yVel=4.8240 simYVel=5.1280 dYVel=+0.3040 gravity=1.000 speed=1.100 gnd=1/0/1/0 btnWant=1 btnHeld=1 jumpBuf=1 gravPortal=0 ud=0 simUD=0 udMismatch=0 plan=11111[1]11111
tick=8284 idx=11 pStart=8273 pred=(12803.104,318.572) actual=(12803.104,317.752) d=(+0.0000,+0.8208) dist=0.8208 yVel=4.6720 simYVel=4.9760 dYVel=+0.3040 gravity=1.000 speed=1.100 gnd=1/0/1/0 btnWant=1 btnHeld=1 jumpBuf=1 gravPortal=0 ud=0 simUD=0 udMismatch=0 plan=11111[1]11111
tick=8285 idx=12 pStart=8273 pred=(12804.719,319.658) actual=(12804.719,318.769) d=(+0.0000,+0.8892) dist=0.8892 yVel=4.5200 simYVel=4.8240 dYVel=+0.3040 gravity=1.000 speed=1.100 gnd=1/0/1/0 btnWant=1 btnHeld=1 jumpBuf=1 gravPortal=0 ud=0 simUD=0 udMismatch=0 plan=11111[1]11111
tick=8286 idx=13 pStart=8273 pred=(12806.333,320.709) actual=(12806.333,319.751) d=(+0.0000,+0.9576) dist=0.9576 yVel=4.3680 simYVel=4.6720 dYVel=+0.3040 gravity=1.000 speed=1.100 gnd=1/0/1/0 btnWant=1 btnHeld=1 jumpBuf=1 gravPortal=0 ud=0 simUD=0 udMismatch=0 plan=11111[1]11111
tick=8287 idx=14 pStart=8273 pred=(12807.947,321.726) actual=(12807.947,320.700) d=(+0.0000,+1.0260) dist=1.0260 yVel=4.2160 simYVel=4.5200 dYVel=+0.3040 gravity=1.000 speed=1.100 gnd=1/0/1/0 btnWant=1 btnHeld=1 jumpBuf=1 gravPortal=0 ud=0 simUD=0 udMismatch=0 plan=11111[1]11111
tick=8288 idx=15 pStart=8273 pred=(12809.562,322.709) actual=(12809.562,321.614) d=(+0.0000,+1.0944) dist=1.0944 yVel=4.0640 simYVel=4.3680 dYVel=+0.3040 gravity=1.000 speed=1.100 gnd=1/0/1/0 btnWant=1 btnHeld=1 jumpBuf=1 gravPortal=0 ud=0 simUD=0 udMismatch=0 plan=11111[1]11111
tick=8289 idx=16 pStart=8273 pred=(12811.176,323.657) actual=(12811.176,322.495) d=(+0.0000,+1.1628) dist=1.1628 yVel=3.9120 simYVel=4.2160 dYVel=+0.3040 gravity=1.000 speed=1.100 gnd=1/0/1/0 btnWant=1 btnHeld=1 jumpBuf=1 gravPortal=0 ud=0 simUD=0 udMismatch=0 plan=11111[1]11111
tick=8290 idx=17 pStart=8273 pred=(12812.790,324.572) actual=(12812.790,323.341) d=(+0.0000,+1.2312) dist=1.2312 yVel=3.7600 simYVel=4.0640 dYVel=+0.3040 gravity=1.000 speed=1.100 gnd=1/0/1/0 btnWant=1 btnHeld=1 jumpBuf=1 gravPortal=0 ud=0 simUD=0 udMismatch=0 plan=11111[1]11111
tick=8291 idx=18 pStart=8273 pred=(12814.404,325.452) actual=(12814.404,324.152) d=(+0.0000,+1.2996) dist=1.2996 yVel=3.6080 simYVel=3.9120 dYVel=+0.3040 gravity=1.000 speed=1.100 gnd=1/0/1/0 btnWant=1 btnHeld=1 jumpBuf=1 gravPortal=0 ud=0 simUD=0 udMismatch=0 plan=11111[1]11111
tick=8292 idx=19 pStart=8273 pred=(12816.019,326.298) actual=(12816.019,324.930) d=(+0.0000,+1.3680) dist=1.3680 yVel=3.4560 simYVel=3.7600 dYVel=+0.3040 gravity=1.000 speed=1.100 gnd=1/0/1/0 btnWant=1 btnHeld=1 jumpBuf=1 gravPortal=0 ud=0 simUD=0 udMismatch=0 plan=11111[1]11111
tick=8293 idx=20 pStart=8273 pred=(12817.633,327.110) actual=(12817.633,325.673) d=(+0.0000,+1.4364) dist=1.4364 yVel=3.3040 simYVel=3.6080 dYVel=+0.3040 gravity=1.000 speed=1.100 gnd=1/0/1/0 btnWant=1 btnHeld=1 jumpBuf=1 gravPortal=0 ud=0 simUD=0 udMismatch=0 plan=11111[1]11111
tick=8294 idx=21 pStart=8273 pred=(12819.247,327.887) actual=(12819.247,326.383) d=(+0.0000,+1.5048) dist=1.5048 yVel=3.1520 simYVel=3.4560 dYVel=+0.3040 gravity=1.000 speed=1.100 gnd=1/0/1/0 btnWant=1 btnHeld=1 jumpBuf=1 gravPortal=0 ud=0 simUD=0 udMismatch=0 plan=11111[1]11111
tick=8295 idx=22 pStart=8273 pred=(12820.861,328.631) actual=(12820.861,327.058) d=(+0.0000,+1.5732) dist=1.5732 yVel=3.0000 simYVel=3.3040 dYVel=+0.3040 gravity=1.000 speed=1.100 gnd=1/0/1/0 btnWant=1 btnHeld=1 jumpBuf=1 gravPortal=0 ud=0 simUD=0 udMismatch=0 plan=11111[1]11111
tick=8296 idx=23 pStart=8273 pred=(12822.476,329.340) actual=(12822.476,327.698) d=(+0.0000,+1.6416) dist=1.6416 yVel=2.8480 simYVel=3.1520 dYVel=+0.3040 gravity=1.000 speed=1.100 gnd=1/0/1/0 btnWant=1 btnHeld=1 jumpBuf=1 gravPortal=0 ud=0 simUD=0 udMismatch=0 plan=11111[1]11111
tick=8297 idx=24 pStart=8273 pred=(12824.090,330.015) actual=(12824.090,328.305) d=(+0.0000,+1.7100) dist=1.7100 yVel=2.6960 simYVel=3.0000 dYVel=+0.3040 gravity=1.000 speed=1.100 gnd=1/0/1/0 btnWant=1 btnHeld=1 jumpBuf=1 gravPortal=0 ud=0 simUD=0 udMismatch=0 plan=11111[1]11111
tick=8298 idx=25 pStart=8273 pred=(12825.704,330.656) actual=(12825.704,328.877) d=(+0.0000,+1.7784) dist=1.7784 yVel=2.5440 simYVel=2.8480 dYVel=+0.3040 gravity=1.000 speed=1.100 gnd=1/0/1/0 btnWant=1 btnHeld=1 jumpBuf=1 gravPortal=0 ud=0 simUD=0 udMismatch=0 plan=11111[1]11111
tick=8299 idx=26 pStart=8273 pred=(12827.318,331.262) actual=(12827.318,329.416) d=(+0.0000,+1.8468) dist=1.8468 yVel=2.3920 simYVel=2.6960 dYVel=+0.3040 gravity=1.000 speed=1.100 gnd=1/0/1/0 btnWant=1 btnHeld=1 jumpBuf=1 gravPortal=0 ud=0 simUD=0 udMismatch=0 plan=11111[1]11111
tick=8300 idx=27 pStart=8273 pred=(12828.933,331.835) actual=(12828.933,329.920) d=(+0.0000,+1.9152) dist=1.9152 yVel=2.2400 simYVel=2.5440 dYVel=+0.3040 gravity=1.000 speed=1.100 gnd=1/0/1/0 btnWant=1 btnHeld=1 jumpBuf=1 gravPortal=0 ud=0 simUD=0 udMismatch=0 plan=11111[1]11111
tick=8301 idx=28 pStart=8273 pred=(12830.547,332.373) actual=(12830.547,330.389) d=(+0.0000,+1.9836) dist=1.9836 yVel=2.0880 simYVel=2.3920 dYVel=+0.3040 gravity=1.000 speed=1.100 gnd=1/0/1/0 btnWant=1 btnHeld=1 jumpBuf=1 gravPortal=0 ud=0 simUD=0 udMismatch=0 plan=11111[1]11111
tick=8302 idx=29 pStart=8273 pred=(12832.161,332.877) actual=(12832.161,330.825) d=(+0.0000,+2.0520) dist=2.0520 yVel=1.9360 simYVel=2.2400 dYVel=+0.3040 gravity=1.000 speed=1.100 gnd=1/0/1/0 btnWant=1 btnHeld=1 jumpBuf=1 gravPortal=0 ud=0 simUD=0 udMismatch=0 plan=11111[1]11111
tick=8303 idx=30 pStart=8273 pred=(12833.775,333.347) actual=(12833.775,331.226) d=(+0.0000,+2.1204) dist=2.1204 yVel=1.7840 simYVel=2.0880 dYVel=+0.3040 gravity=1.000 speed=1.100 gnd=1/0/1/0 btnWant=1 btnHeld=1 jumpBuf=1 gravPortal=0 ud=0 simUD=0 udMismatch=0 plan=11111[1]11111
tick=8304 idx=31 pStart=8273 pred=(12835.390,333.782) actual=(12835.390,331.605) d=(+0.0000,+2.1773) dist=2.1773 yVel=1.6830 simYVel=1.9360 dYVel=+0.2530 gravity=1.000 speed=1.100 gnd=1/0/1/0 btnWant=1 btnHeld=1 jumpBuf=1 gravPortal=0 ud=0 simUD=0 udMismatch=0 plan=11111[1]11111
tick=8305 idx=32 pStart=8273 pred=(12837.004,334.184) actual=(12837.004,331.961) d=(+0.0000,+2.2228) dist=2.2228 yVel=1.5820 simYVel=1.7840 dYVel=+0.2020 gravity=1.000 speed=1.100 gnd=1/0/1/0 btnWant=1 btnHeld=1 jumpBuf=1 gravPortal=0 ud=0 simUD=0 udMismatch=0 plan=11111[1]11111
tick=8306 idx=33 pStart=8273 pred=(12838.618,334.562) actual=(12838.618,332.294) d=(+0.0000,+2.2682) dist=2.2682 yVel=1.4810 simYVel=1.6830 dYVel=+0.2020 gravity=1.000 speed=1.100 gnd=1/0/1/0 btnWant=1 btnHeld=1 jumpBuf=1 gravPortal=0 ud=0 simUD=0 udMismatch=0 plan=11111[1]11111
tick=8307 idx=34 pStart=8273 pred=(12840.232,334.918) actual=(12840.232,332.605) d=(+0.0000,+2.3137) dist=2.3137 yVel=1.3800 simYVel=1.5820 dYVel=+0.2020 gravity=1.000 speed=1.100 gnd=1/0/1/0 btnWant=1 btnHeld=1 jumpBuf=1 gravPortal=0 ud=0 simUD=0 udMismatch=0 plan=11111[1]11111
tick=8308 idx=35 pStart=8273 pred=(12841.847,335.252) actual=(12841.847,332.892) d=(+0.0000,+2.3591) dist=2.3591 yVel=1.2790 simYVel=1.4810 dYVel=+0.2020 gravity=1.000 speed=1.100 gnd=1/0/1/0 btnWant=1 btnHeld=1 jumpBuf=1 gravPortal=0 ud=0 simUD=0 udMismatch=0 plan=11111[1]11111
tick=8309 idx=36 pStart=8273 pred=(12843.461,335.562) actual=(12843.461,333.158) d=(+0.0000,+2.4046) dist=2.4046 yVel=1.1780 simYVel=1.3800 dYVel=+0.2020 gravity=1.000 speed=1.100 gnd=1/0/1/0 btnWant=1 btnHeld=1 jumpBuf=1 gravPortal=0 ud=0 simUD=0 udMismatch=0 plan=11111[1]11111
tick=8310 idx=37 pStart=8273 pred=(12845.075,335.850) actual=(12845.075,333.400) d=(+0.0000,+2.4500) dist=2.4500 yVel=1.0770 simYVel=1.2790 dYVel=+0.2020 gravity=1.000 speed=1.100 gnd=1/0/1/0 btnWant=1 btnHeld=1 jumpBuf=1 gravPortal=0 ud=0 simUD=0 udMismatch=0 plan=11111[1]11111
tick=8311 idx=38 pStart=8273 pred=(12846.689,336.115) actual=(12846.689,333.619) d=(+0.0000,+2.4955) dist=2.4955 yVel=0.9760 simYVel=1.1780 dYVel=+0.2020 gravity=1.000 speed=1.100 gnd=1/0/1/0 btnWant=1 btnHeld=1 jumpBuf=1 gravPortal=0 ud=0 simUD=0 udMismatch=0 plan=11111[1]11111
tick=8312 idx=39 pStart=8273 pred=(12848.304,336.357) actual=(12848.304,333.816) d=(+0.0000,+2.5409) dist=2.5409 yVel=0.8750 simYVel=1.0770 dYVel=+0.2020 gravity=1.000 speed=1.100 gnd=1/0/1/0 btnWant=1 btnHeld=1 jumpBuf=1 gravPortal=0 ud=0 simUD=0 udMismatch=0 plan=11111[1]11111
tick=8313 idx=40 pStart=8273 pred=(12849.918,336.577) actual=(12849.918,333.991) d=(+0.0000,+2.5864) dist=2.5864 yVel=0.7740 simYVel=0.9760 dYVel=+0.2020 gravity=1.000 speed=1.100 gnd=1/0/1/0 btnWant=1 btnHeld=1 jumpBuf=1 gravPortal=0 ud=0 simUD=0 udMismatch=0 plan=11111[1]11111
tick=8314 idx=41 pStart=8273 pred=(12851.532,336.774) actual=(12851.532,334.142) d=(+0.0000,+2.6318) dist=2.6318 yVel=0.6730 simYVel=0.8750 dYVel=+0.2020 gravity=1.000 speed=1.100 gnd=1/0/1/0 btnWant=1 btnHeld=1 jumpBuf=1 gravPortal=0 ud=0 simUD=0 udMismatch=0 plan=11111[1]11111
tick=8315 idx=42 pStart=8273 pred=(12853.146,336.948) actual=(12853.146,334.271) d=(+0.0000,+2.6773) dist=2.6773 yVel=0.5720 simYVel=0.7740 dYVel=+0.2020 gravity=1.000 speed=1.100 gnd=1/0/1/0 btnWant=1 btnHeld=1 jumpBuf=1 gravPortal=0 ud=0 simUD=0 udMismatch=0 plan=11111[1]11111
tick=8316 idx=43 pStart=8273 pred=(12854.761,337.099) actual=(12854.761,334.377) d=(+0.0000,+2.7227) dist=2.7227 yVel=0.4710 simYVel=0.6730 dYVel=+0.2020 gravity=1.000 speed=1.100 gnd=1/0/1/0 btnWant=1 btnHeld=1 jumpBuf=1 gravPortal=0 ud=0 simUD=0 udMismatch=0 plan=11111[1]11111
tick=8317 idx=44 pStart=8273 pred=(12856.375,337.228) actual=(12856.375,334.460) d=(+0.0000,+2.7682) dist=2.7682 yVel=0.3700 simYVel=0.5720 dYVel=+0.2020 gravity=1.000 speed=1.100 gnd=1/0/1/0 btnWant=1 btnHeld=1 jumpBuf=1 gravPortal=0 ud=0 simUD=0 udMismatch=0 plan=11111[1]11111
tick=8318 idx=45 pStart=8273 pred=(12857.989,337.334) actual=(12857.989,334.520) d=(+0.0000,+2.8136) dist=2.8136 yVel=0.2690 simYVel=0.4710 dYVel=+0.2020 gravity=1.000 speed=1.100 gnd=1/0/1/0 btnWant=1 btnHeld=1 jumpBuf=1 gravPortal=0 ud=0 simUD=0 udMismatch=0 plan=11111[1]11111
tick=8319 idx=46 pStart=8273 pred=(12859.604,337.417) actual=(12859.604,334.558) d=(+0.0000,+2.8591) dist=2.8591 yVel=0.1680 simYVel=0.3700 dYVel=+0.2020 gravity=1.000 speed=1.100 gnd=1/0/1/0 btnWant=1 btnHeld=1 jumpBuf=1 gravPortal=0 ud=0 simUD=0 udMismatch=0 plan=11111[1]11111
tick=8320 idx=47 pStart=8273 pred=(12861.218,337.478) actual=(12861.218,334.573) d=(+0.0000,+2.9045) dist=2.9045 yVel=0.0670 simYVel=0.2690 dYVel=+0.2020 gravity=1.000 speed=1.100 gnd=1/0/1/0 btnWant=1 btnHeld=1 jumpBuf=1 gravPortal=0 ud=0 simUD=0 udMismatch=0 plan=11111[1]11111
tick=8321 idx=48 pStart=8273 pred=(12862.832,337.516) actual=(12862.832,334.566) d=(+0.0000,+2.9500) dist=2.9500 yVel=-0.0340 simYVel=0.1680 dYVel=+0.2020 gravity=1.000 speed=1.100 gnd=1/0/1/0 btnWant=1 btnHeld=1 jumpBuf=1 gravPortal=0 ud=0 simUD=0 udMismatch=0 plan=11111[1]11111
tick=8322 idx=49 pStart=8273 pred=(12864.446,337.531) actual=(12864.446,334.535) d=(+0.0000,+2.9954) dist=2.9954 yVel=-0.1350 simYVel=0.0670 dYVel=+0.2020 gravity=1.000 speed=1.100 gnd=1/0/1/0 btnWant=1 btnHeld=1 jumpBuf=1 gravPortal=0 ud=0 simUD=0 udMismatch=0 plan=11111[1]11111
tick=8323 idx=50 pStart=8273 pred=(12866.061,337.523) actual=(12866.061,334.482) d=(+0.0000,+3.0409) dist=3.0409 yVel=-0.2360 simYVel=-0.0340 dYVel=+0.2020 gravity=1.000 speed=1.100 gnd=1/0/1/0 btnWant=1 btnHeld=1 jumpBuf=1 gravPortal=0 ud=0 simUD=0 udMismatch=0 plan=11111[1]11111
tick=8324 idx=51 pStart=8273 pred=(12867.675,337.493) actual=(12867.675,334.406) d=(+0.0000,+3.0863) dist=3.0863 yVel=-0.3370 simYVel=-0.1350 dYVel=+0.2020 gravity=1.000 speed=1.100 gnd=1/0/1/0 btnWant=1 btnHeld=1 jumpBuf=1 gravPortal=0 ud=0 simUD=0 udMismatch=0 plan=11111[1]11111
tick=8713 idx=0 pStart=8713 pred=(13495.621,281.318) actual=(13495.621,281.249) d=(+0.0000,+0.0684) dist=0.0684 yVel=6.3440 simYVel=6.6480 dYVel=+0.3040 gravity=1.000 speed=1.100 gnd=1/0/1/0 btnWant=1 btnHeld=1 jumpBuf=1 gravPortal=0 ud=0 simUD=0 udMismatch=0 plan=[1]11111
tick=8714 idx=1 pStart=8713 pred=(13497.235,282.779) actual=(13497.235,282.643) d=(+0.0000,+0.1368) dist=0.1368 yVel=6.1920 simYVel=6.4960 dYVel=+0.3040 gravity=1.000 speed=1.100 gnd=1/0/1/0 btnWant=1 btnHeld=1 jumpBuf=1 gravPortal=0 ud=0 simUD=0 udMismatch=0 plan=1[1]11111
tick=8715 idx=2 pStart=8713 pred=(13498.850,284.207) actual=(13498.850,284.002) d=(+0.0000,+0.2052) dist=0.2052 yVel=6.0400 simYVel=6.3440 dYVel=+0.3040 gravity=1.000 speed=1.100 gnd=1/0/1/0 btnWant=1 btnHeld=1 jumpBuf=1 gravPortal=0 ud=0 simUD=0 udMismatch=0 plan=11[1]11111
tick=8716 idx=3 pStart=8713 pred=(13500.464,285.600) actual=(13500.464,285.326) d=(+0.0000,+0.2736) dist=0.2736 yVel=5.8880 simYVel=6.1920 dYVel=+0.3040 gravity=1.000 speed=1.100 gnd=1/0/1/0 btnWant=1 btnHeld=1 jumpBuf=1 gravPortal=0 ud=0 simUD=0 udMismatch=0 plan=111[1]11111
tick=8717 idx=0 pStart=8717 pred=(13502.078,286.822) actual=(13502.078,286.617) d=(+0.0000,+0.2052) dist=0.2052 yVel=5.7360 simYVel=6.6480 dYVel=+0.9120 gravity=1.000 speed=1.100 gnd=1/0/1/0 btnWant=1 btnHeld=1 jumpBuf=1 gravPortal=0 ud=0 simUD=0 udMismatch=0 plan=[1]11111
tick=8718 idx=1 pStart=8717 pred=(13503.692,288.284) actual=(13503.692,287.873) d=(+0.0000,+0.4104) dist=0.4104 yVel=5.5840 simYVel=6.4960 dYVel=+0.9120 gravity=1.000 speed=1.100 gnd=1/0/1/0 btnWant=1 btnHeld=1 jumpBuf=1 gravPortal=0 ud=0 simUD=0 udMismatch=0 plan=1[1]11111
tick=8719 idx=2 pStart=8717 pred=(13505.307,289.711) actual=(13505.307,289.096) d=(+0.0000,+0.6156) dist=0.6156 yVel=5.4320 simYVel=6.3440 dYVel=+0.9120 gravity=1.000 speed=1.100 gnd=1/0/1/0 btnWant=1 btnHeld=1 jumpBuf=1 gravPortal=0 ud=0 simUD=0 udMismatch=0 plan=11[1]11111
tick=8720 idx=3 pStart=8717 pred=(13506.921,291.104) actual=(13506.921,290.284) d=(+0.0000,+0.8208) dist=0.8208 yVel=5.2800 simYVel=6.1920 dYVel=+0.9120 gravity=1.000 speed=1.100 gnd=1/0/1/0 btnWant=1 btnHeld=1 jumpBuf=1 gravPortal=0 ud=0 simUD=0 udMismatch=0 plan=111[1]11111
tick=8721 idx=4 pStart=8717 pred=(13508.535,292.463) actual=(13508.535,291.437) d=(+0.0000,+1.0260) dist=1.0260 yVel=5.1280 simYVel=6.0400 dYVel=+0.9120 gravity=1.000 speed=1.100 gnd=1/0/1/0 btnWant=1 btnHeld=1 jumpBuf=1 gravPortal=0 ud=0 simUD=0 udMismatch=0 plan=1111[1]11111
tick=8722 idx=5 pStart=8717 pred=(13510.149,293.788) actual=(13510.149,292.557) d=(+0.0000,+1.2312) dist=1.2312 yVel=4.9760 simYVel=5.8880 dYVel=+0.9120 gravity=1.000 speed=1.100 gnd=1/0/1/0 btnWant=1 btnHeld=1 jumpBuf=1 gravPortal=0 ud=0 simUD=0 udMismatch=0 plan=11111[1]11111
tick=8723 idx=6 pStart=8717 pred=(13511.764,295.079) actual=(13511.764,293.642) d=(+0.0000,+1.4364) dist=1.4364 yVel=4.8240 simYVel=5.7360 dYVel=+0.9120 gravity=1.000 speed=1.100 gnd=1/0/1/0 btnWant=1 btnHeld=1 jumpBuf=1 gravPortal=0 ud=0 simUD=0 udMismatch=0 plan=11111[1]11111
tick=8724 idx=7 pStart=8717 pred=(13513.378,296.335) actual=(13513.378,294.694) d=(+0.0000,+1.6416) dist=1.6416 yVel=4.6720 simYVel=5.5840 dYVel=+0.9120 gravity=1.000 speed=1.100 gnd=1/0/1/0 btnWant=1 btnHeld=1 jumpBuf=1 gravPortal=0 ud=0 simUD=0 udMismatch=0 plan=11111[1]11111
tick=8725 idx=8 pStart=8717 pred=(13514.992,297.557) actual=(13514.992,295.711) d=(+0.0000,+1.8468) dist=1.8468 yVel=4.5200 simYVel=5.4320 dYVel=+0.9120 gravity=1.000 speed=1.100 gnd=1/0/1/0 btnWant=1 btnHeld=1 jumpBuf=1 gravPortal=0 ud=0 simUD=0 udMismatch=0 plan=11111[1]11111
tick=8726 idx=9 pStart=8717 pred=(13516.606,298.745) actual=(13516.606,296.693) d=(+0.0000,+2.0520) dist=2.0520 yVel=4.3680 simYVel=5.2800 dYVel=+0.9120 gravity=1.000 speed=1.100 gnd=1/0/1/0 btnWant=1 btnHeld=1 jumpBuf=1 gravPortal=0 ud=0 simUD=0 udMismatch=0 plan=11111[1]11111
tick=8727 idx=10 pStart=8717 pred=(13518.221,299.899) actual=(13518.221,297.642) d=(+0.0000,+2.2572) dist=2.2572 yVel=4.2160 simYVel=5.1280 dYVel=+0.9120 gravity=1.000 speed=1.100 gnd=1/0/1/0 btnWant=1 btnHeld=1 jumpBuf=1 gravPortal=0 ud=0 simUD=0 udMismatch=0 plan=11111[1]11111
tick=8728 idx=11 pStart=8717 pred=(13519.835,301.019) actual=(13519.835,298.556) d=(+0.0000,+2.4624) dist=2.4624 yVel=4.0640 simYVel=4.9760 dYVel=+0.9120 gravity=1.000 speed=1.100 gnd=1/0/1/0 btnWant=1 btnHeld=1 jumpBuf=1 gravPortal=0 ud=0 simUD=0 udMismatch=0 plan=11111[1]11111
tick=8729 idx=12 pStart=8717 pred=(13521.449,302.104) actual=(13521.449,299.437) d=(+0.0000,+2.6676) dist=2.6676 yVel=3.9120 simYVel=4.8240 dYVel=+0.9120 gravity=1.000 speed=1.100 gnd=1/0/1/0 btnWant=1 btnHeld=1 jumpBuf=1 gravPortal=0 ud=0 simUD=0 udMismatch=0 plan=11111[1]11111
tick=8730 idx=13 pStart=8717 pred=(13523.063,303.155) actual=(13523.063,300.283) d=(+0.0000,+2.8728) dist=2.8728 yVel=3.7600 simYVel=4.6720 dYVel=+0.9120 gravity=1.000 speed=1.100 gnd=1/0/1/0 btnWant=1 btnHeld=1 jumpBuf=1 gravPortal=0 ud=0 simUD=0 udMismatch=0 plan=11111[1]11111
tick=8731 idx=14 pStart=8717 pred=(13524.678,304.172) actual=(13524.678,301.094) d=(+0.0000,+3.0780) dist=3.0780 yVel=3.6080 simYVel=4.5200 dYVel=+0.9120 gravity=1.000 speed=1.100 gnd=1/0/1/0 btnWant=1 btnHeld=1 jumpBuf=1 gravPortal=0 ud=0 simUD=0 udMismatch=0 plan=11111[1]11111
tick=8732 idx=15 pStart=8717 pred=(13526.292,305.155) actual=(13526.292,301.872) d=(+0.0000,+3.2832) dist=3.2832 yVel=3.4560 simYVel=4.3680 dYVel=+0.9120 gravity=1.000 speed=1.100 gnd=1/0/1/0 btnWant=1 btnHeld=1 jumpBuf=1 gravPortal=0 ud=0 simUD=0 udMismatch=0 plan=11111[1]11111
tick=8973 idx=0 pStart=8973 pred=(13915.328,276.869) actual=(13915.328,276.733) d=(+0.0000,+0.1368) dist=0.1368 yVel=6.0400 simYVel=6.6480 dYVel=+0.6080 gravity=1.000 speed=1.100 gnd=1/0/1/0 btnWant=1 btnHeld=1 jumpBuf=1 gravPortal=0 ud=0 simUD=0 udMismatch=0 plan=[1]11111
tick=8974 idx=1 pStart=8973 pred=(13916.942,278.331) actual=(13916.942,278.057) d=(+0.0000,+0.2736) dist=0.2736 yVel=5.8880 simYVel=6.4960 dYVel=+0.6080 gravity=1.000 speed=1.100 gnd=1/0/1/0 btnWant=1 btnHeld=1 jumpBuf=1 gravPortal=0 ud=0 simUD=0 udMismatch=0 plan=1[1]11111
tick=8975 idx=2 pStart=8973 pred=(13918.557,279.758) actual=(13918.557,279.348) d=(+0.0000,+0.4104) dist=0.4104 yVel=5.7360 simYVel=6.3440 dYVel=+0.6080 gravity=1.000 speed=1.100 gnd=1/0/1/0 btnWant=1 btnHeld=1 jumpBuf=1 gravPortal=0 ud=0 simUD=0 udMismatch=0 plan=11[1]11111
tick=8976 idx=3 pStart=8973 pred=(13920.171,281.152) actual=(13920.171,280.604) d=(+0.0000,+0.5472) dist=0.5472 yVel=5.5840 simYVel=6.1920 dYVel=+0.6080 gravity=1.000 speed=1.100 gnd=1/0/1/0 btnWant=1 btnHeld=1 jumpBuf=1 gravPortal=0 ud=0 simUD=0 udMismatch=0 plan=111[1]11111
tick=8977 idx=4 pStart=8973 pred=(13921.785,282.511) actual=(13921.785,281.827) d=(+0.0000,+0.6840) dist=0.6840 yVel=5.4320 simYVel=6.0400 dYVel=+0.6080 gravity=1.000 speed=1.100 gnd=1/0/1/0 btnWant=1 btnHeld=1 jumpBuf=1 gravPortal=0 ud=0 simUD=0 udMismatch=0 plan=1111[1]11111
tick=8978 idx=5 pStart=8973 pred=(13923.399,283.835) actual=(13923.399,283.015) d=(+0.0000,+0.8208) dist=0.8208 yVel=5.2800 simYVel=5.8880 dYVel=+0.6080 gravity=1.000 speed=1.100 gnd=1/0/1/0 btnWant=1 btnHeld=1 jumpBuf=1 gravPortal=0 ud=0 simUD=0 udMismatch=0 plan=11111[1]11111
tick=8979 idx=6 pStart=8973 pred=(13925.014,285.126) actual=(13925.014,284.168) d=(+0.0000,+0.9576) dist=0.9576 yVel=5.1280 simYVel=5.7360 dYVel=+0.6080 gravity=1.000 speed=1.100 gnd=1/0/1/0 btnWant=1 btnHeld=1 jumpBuf=1 gravPortal=0 ud=0 simUD=0 udMismatch=0 plan=11111[1]11111
tick=8980 idx=7 pStart=8973 pred=(13926.628,286.382) actual=(13926.628,285.288) d=(+0.0000,+1.0944) dist=1.0944 yVel=4.9760 simYVel=5.5840 dYVel=+0.6080 gravity=1.000 speed=1.100 gnd=1/0/1/0 btnWant=1 btnHeld=1 jumpBuf=1 gravPortal=0 ud=0 simUD=0 udMismatch=0 plan=11111[1]11111
tick=8981 idx=8 pStart=8973 pred=(13928.242,287.605) actual=(13928.242,286.373) d=(+0.0000,+1.2312) dist=1.2312 yVel=4.8240 simYVel=5.4320 dYVel=+0.6080 gravity=1.000 speed=1.100 gnd=1/0/1/0 btnWant=1 btnHeld=1 jumpBuf=1 gravPortal=0 ud=0 simUD=0 udMismatch=0 plan=11111[1]11111
tick=8982 idx=9 pStart=8973 pred=(13929.856,288.793) actual=(13929.856,287.425) d=(+0.0000,+1.3680) dist=1.3680 yVel=4.6720 simYVel=5.2800 dYVel=+0.6080 gravity=1.000 speed=1.100 gnd=1/0/1/0 btnWant=1 btnHeld=1 jumpBuf=1 gravPortal=0 ud=0 simUD=0 udMismatch=0 plan=11111[1]11111
tick=8983 idx=10 pStart=8973 pred=(13931.471,289.946) actual=(13931.471,288.442) d=(+0.0000,+1.5048) dist=1.5048 yVel=4.5200 simYVel=5.1280 dYVel=+0.6080 gravity=1.000 speed=1.100 gnd=1/0/1/0 btnWant=1 btnHeld=1 jumpBuf=1 gravPortal=0 ud=0 simUD=0 udMismatch=0 plan=11111[1]11110
tick=8984 idx=11 pStart=8973 pred=(13933.085,291.066) actual=(13933.085,289.424) d=(+0.0000,+1.6416) dist=1.6416 yVel=4.3680 simYVel=4.9760 dYVel=+0.6080 gravity=1.000 speed=1.100 gnd=1/0/1/0 btnWant=1 btnHeld=1 jumpBuf=1 gravPortal=0 ud=0 simUD=0 udMismatch=0 plan=11111[1]11100
tick=8985 idx=12 pStart=8973 pred=(13934.699,292.151) actual=(13934.699,290.373) d=(+0.0000,+1.7784) dist=1.7784 yVel=4.2160 simYVel=4.8240 dYVel=+0.6080 gravity=1.000 speed=1.100 gnd=1/0/1/0 btnWant=1 btnHeld=1 jumpBuf=1 gravPortal=0 ud=0 simUD=0 udMismatch=0 plan=11111[1]11000
tick=8986 idx=13 pStart=8973 pred=(13936.313,293.203) actual=(13936.313,291.287) d=(+0.0000,+1.9152) dist=1.9152 yVel=4.0640 simYVel=4.6720 dYVel=+0.6080 gravity=1.000 speed=1.100 gnd=1/0/1/0 btnWant=1 btnHeld=1 jumpBuf=1 gravPortal=0 ud=0 simUD=0 udMismatch=0 plan=11111[1]10000
tick=8987 idx=14 pStart=8973 pred=(13937.928,294.220) actual=(13937.928,292.168) d=(+0.0000,+2.0520) dist=2.0520 yVel=3.9120 simYVel=4.5200 dYVel=+0.6080 gravity=1.000 speed=1.100 gnd=1/0/1/0 btnWant=1 btnHeld=1 jumpBuf=1 gravPortal=0 ud=0 simUD=0 udMismatch=0 plan=11111[1]00000
tick=8988 idx=15 pStart=8973 pred=(13939.542,295.202) actual=(13939.542,293.014) d=(+0.0000,+2.1888) dist=2.1888 yVel=3.7600 simYVel=4.3680 dYVel=+0.6080 gravity=1.000 speed=1.100 gnd=1/0/1/0 btnWant=0 btnHeld=0 jumpBuf=0 gravPortal=0 ud=0 simUD=0 udMismatch=0 plan=11111[0]00000
tick=8989 idx=16 pStart=8973 pred=(13941.156,296.151) actual=(13941.156,293.825) d=(+0.0000,+2.3256) dist=2.3256 yVel=3.6080 simYVel=4.2160 dYVel=+0.6080 gravity=1.000 speed=1.100 gnd=1/0/1/0 btnWant=0 btnHeld=0 jumpBuf=0 gravPortal=0 ud=0 simUD=0 udMismatch=0 plan=11110[0]00000
tick=8990 idx=17 pStart=8973 pred=(13942.771,297.065) actual=(13942.771,294.603) d=(+0.0000,+2.4624) dist=2.4624 yVel=3.4560 simYVel=4.0640 dYVel=+0.6080 gravity=1.000 speed=1.100 gnd=1/0/1/0 btnWant=0 btnHeld=0 jumpBuf=0 gravPortal=0 ud=0 simUD=0 udMismatch=0 plan=11100[0]00000
tick=8991 idx=18 pStart=8973 pred=(13944.385,297.946) actual=(13944.385,295.346) d=(+0.0000,+2.5992) dist=2.5992 yVel=3.3040 simYVel=3.9120 dYVel=+0.6080 gravity=1.000 speed=1.100 gnd=1/0/1/0 btnWant=0 btnHeld=0 jumpBuf=0 gravPortal=0 ud=0 simUD=0 udMismatch=0 plan=11000[0]00000
tick=8992 idx=19 pStart=8973 pred=(13945.999,298.792) actual=(13945.999,296.056) d=(+0.0000,+2.7360) dist=2.7360 yVel=3.1520 simYVel=3.7600 dYVel=+0.6080 gravity=1.000 speed=1.100 gnd=1/0/1/0 btnWant=0 btnHeld=0 jumpBuf=0 gravPortal=0 ud=0 simUD=0 udMismatch=0 plan=10000[0]00000
tick=8993 idx=20 pStart=8973 pred=(13947.613,299.603) actual=(13947.613,296.731) d=(+0.0000,+2.8728) dist=2.8728 yVel=3.0000 simYVel=3.6080 dYVel=+0.6080 gravity=1.000 speed=1.100 gnd=1/0/1/0 btnWant=0 btnHeld=0 jumpBuf=0 gravPortal=0 ud=0 simUD=0 udMismatch=0 plan=00000[0]00000
tick=8994 idx=21 pStart=8973 pred=(13949.228,300.381) actual=(13949.228,297.371) d=(+0.0000,+3.0096) dist=3.0096 yVel=2.8480 simYVel=3.4560 dYVel=+0.6080 gravity=1.000 speed=1.100 gnd=1/0/1/0 btnWant=0 btnHeld=0 jumpBuf=0 gravPortal=0 ud=0 simUD=0 udMismatch=0 plan=00000[0]00000
tick=8995 idx=22 pStart=8973 pred=(13950.842,301.124) actual=(13950.842,297.978) d=(+0.0000,+3.1464) dist=3.1464 yVel=2.6960 simYVel=3.3040 dYVel=+0.6080 gravity=1.000 speed=1.100 gnd=1/0/1/0 btnWant=0 btnHeld=0 jumpBuf=0 gravPortal=0 ud=0 simUD=0 udMismatch=0 plan=00000[0]00000
tick=8996 idx=23 pStart=8973 pred=(13952.456,301.834) actual=(13952.456,298.550) d=(+0.0000,+3.2832) dist=3.2832 yVel=2.5440 simYVel=3.1520 dYVel=+0.6080 gravity=1.000 speed=1.100 gnd=1/0/1/0 btnWant=0 btnHeld=0 jumpBuf=0 gravPortal=0 ud=0 simUD=0 udMismatch=0 plan=00000[0]00000
tick=9005 idx=0 pStart=9005 pred=(13966.984,307.772) actual=(13966.984,307.635) d=(+0.0000,+0.1368) dist=0.1368 yVel=6.0400 simYVel=6.6480 dYVel=+0.6080 gravity=1.000 speed=1.100 gnd=1/0/1/0 btnWant=1 btnHeld=1 jumpBuf=1 gravPortal=0 ud=0 simUD=0 udMismatch=0 plan=[1]11111
tick=9006 idx=1 pStart=9005 pred=(13968.599,309.233) actual=(13968.599,308.960) d=(+0.0000,+0.2736) dist=0.2736 yVel=5.8880 simYVel=6.4960 dYVel=+0.6080 gravity=1.000 speed=1.100 gnd=1/0/1/0 btnWant=1 btnHeld=1 jumpBuf=1 gravPortal=0 ud=0 simUD=0 udMismatch=0 plan=1[1]11111
tick=9007 idx=2 pStart=9005 pred=(13970.213,310.661) actual=(13970.213,310.250) d=(+0.0000,+0.4104) dist=0.4104 yVel=5.7360 simYVel=6.3440 dYVel=+0.6080 gravity=1.000 speed=1.100 gnd=1/0/1/0 btnWant=1 btnHeld=1 jumpBuf=1 gravPortal=0 ud=0 simUD=0 udMismatch=0 plan=11[1]11111
tick=9008 idx=3 pStart=9005 pred=(13971.827,312.054) actual=(13971.827,311.507) d=(+0.0000,+0.5472) dist=0.5472 yVel=5.5840 simYVel=6.1920 dYVel=+0.6080 gravity=1.000 speed=1.100 gnd=1/0/1/0 btnWant=1 btnHeld=1 jumpBuf=1 gravPortal=0 ud=0 simUD=0 udMismatch=0 plan=111[1]11111
tick=9009 idx=0 pStart=9009 pred=(13973.441,306.496) actual=(13973.441,304.977) d=(+0.0000,+1.5185) dist=1.5185 yVel=-0.1010 simYVel=6.6480 dYVel=+6.7490 gravity=1.000 speed=1.100 gnd=1/0/1/0 btnWant=1 btnHeld=1 jumpBuf=1 gravPortal=0 ud=0 simUD=0 udMismatch=0 plan=[1]11111
tick=9011 idx=2 pStart=9009 pred=(13976.670,304.932) actual=(13976.670,304.864) d=(+0.0000,+0.0682) dist=0.0682 yVel=-0.3030 simYVel=-0.2020 dYVel=+0.1010 gravity=1.000 speed=1.100 gnd=1/0/1/0 btnWant=1 btnHeld=1 jumpBuf=1 gravPortal=0 ud=0 simUD=0 udMismatch=0 plan=11[1]11111
tick=9012 idx=3 pStart=9009 pred=(13978.284,304.864) actual=(13978.284,304.773) d=(+0.0000,+0.0909) dist=0.0909 yVel=-0.4040 simYVel=-0.3030 dYVel=+0.1010 gravity=1.000 speed=1.100 gnd=1/0/1/0 btnWant=1 btnHeld=1 jumpBuf=1 gravPortal=0 ud=0 simUD=0 udMismatch=0 plan=111[1]11111
tick=9013 idx=4 pStart=9009 pred=(13979.898,304.773) actual=(13979.898,304.659) d=(+0.0000,+0.1136) dist=0.1136 yVel=-0.5050 simYVel=-0.4040 dYVel=+0.1010 gravity=1.000 speed=1.100 gnd=1/0/1/0 btnWant=1 btnHeld=1 jumpBuf=1 gravPortal=0 ud=0 simUD=0 udMismatch=0 plan=1111[1]11111
tick=9014 idx=5 pStart=9009 pred=(13981.513,304.659) actual=(13981.513,304.523) d=(+0.0000,+0.1364) dist=0.1364 yVel=-0.6060 simYVel=-0.5050 dYVel=+0.1010 gravity=1.000 speed=1.100 gnd=1/0/1/0 btnWant=1 btnHeld=1 jumpBuf=1 gravPortal=0 ud=0 simUD=0 udMismatch=0 plan=11111[1]11111
tick=9015 idx=6 pStart=9009 pred=(13983.127,304.523) actual=(13983.127,304.364) d=(+0.0000,+0.1591) dist=0.1591 yVel=-0.7070 simYVel=-0.6060 dYVel=+0.1010 gravity=1.000 speed=1.100 gnd=1/0/1/0 btnWant=1 btnHeld=1 jumpBuf=1 gravPortal=0 ud=0 simUD=0 udMismatch=0 plan=11111[1]11111
tick=9016 idx=7 pStart=9009 pred=(13984.741,304.364) actual=(13984.741,304.182) d=(+0.0000,+0.1818) dist=0.1818 yVel=-0.8080 simYVel=-0.7070 dYVel=+0.1010 gravity=1.000 speed=1.100 gnd=1/0/1/0 btnWant=1 btnHeld=1 jumpBuf=1 gravPortal=0 ud=0 simUD=0 udMismatch=0 plan=11111[1]11111
tick=9017 idx=8 pStart=9009 pred=(13986.355,304.182) actual=(13986.355,303.977) d=(+0.0000,+0.2045) dist=0.2045 yVel=-0.9090 simYVel=-0.8080 dYVel=+0.1010 gravity=1.000 speed=1.100 gnd=1/0/1/0 btnWant=1 btnHeld=1 jumpBuf=1 gravPortal=0 ud=0 simUD=0 udMismatch=0 plan=11111[1]11111
tick=9018 idx=9 pStart=9009 pred=(13987.970,303.977) actual=(13987.970,303.750) d=(+0.0000,+0.2273) dist=0.2273 yVel=-1.0100 simYVel=-0.9090 dYVel=+0.1010 gravity=1.000 speed=1.100 gnd=1/0/1/0 btnWant=1 btnHeld=1 jumpBuf=1 gravPortal=0 ud=0 simUD=0 udMismatch=0 plan=11111[1]11111
tick=9019 idx=10 pStart=9009 pred=(13989.584,303.750) actual=(13989.584,303.500) d=(+0.0000,+0.2500) dist=0.2500 yVel=-1.1110 simYVel=-1.0100 dYVel=+0.1010 gravity=1.000 speed=1.100 gnd=1/0/1/0 btnWant=1 btnHeld=1 jumpBuf=1 gravPortal=0 ud=0 simUD=0 udMismatch=0 plan=11111[1]11110
tick=9020 idx=11 pStart=9009 pred=(13991.198,303.500) actual=(13991.198,303.227) d=(+0.0000,+0.2727) dist=0.2727 yVel=-1.2120 simYVel=-1.1110 dYVel=+0.1010 gravity=1.000 speed=1.100 gnd=1/0/1/0 btnWant=1 btnHeld=1 jumpBuf=1 gravPortal=0 ud=0 simUD=0 udMismatch=0 plan=11111[1]11100
tick=9021 idx=12 pStart=9009 pred=(13992.812,303.227) actual=(13992.812,302.932) d=(+0.0000,+0.2954) dist=0.2954 yVel=-1.3130 simYVel=-1.2120 dYVel=+0.1010 gravity=1.000 speed=1.100 gnd=1/0/1/0 btnWant=1 btnHeld=1 jumpBuf=1 gravPortal=0 ud=0 simUD=0 udMismatch=0 plan=11111[1]11000
tick=9022 idx=13 pStart=9009 pred=(13994.427,302.932) actual=(13994.427,302.614) d=(+0.0000,+0.3181) dist=0.3181 yVel=-1.4140 simYVel=-1.3130 dYVel=+0.1010 gravity=1.000 speed=1.100 gnd=1/0/1/0 btnWant=1 btnHeld=1 jumpBuf=1 gravPortal=0 ud=0 simUD=0 udMismatch=0 plan=11111[1]10000
tick=9023 idx=14 pStart=9009 pred=(13996.041,302.614) actual=(13996.041,302.273) d=(+0.0000,+0.3409) dist=0.3409 yVel=-1.5150 simYVel=-1.4140 dYVel=+0.1010 gravity=1.000 speed=1.100 gnd=1/0/1/0 btnWant=1 btnHeld=1 jumpBuf=1 gravPortal=0 ud=0 simUD=0 udMismatch=0 plan=11111[1]00000
tick=9024 idx=15 pStart=9009 pred=(13997.655,302.273) actual=(13997.655,301.909) d=(+0.0000,+0.3636) dist=0.3636 yVel=-1.6160 simYVel=-1.5150 dYVel=+0.1010 gravity=1.000 speed=1.100 gnd=1/0/1/0 btnWant=0 btnHeld=0 jumpBuf=0 gravPortal=0 ud=0 simUD=0 udMismatch=0 plan=11111[0]00000
tick=9025 idx=16 pStart=9009 pred=(13999.270,301.909) actual=(13999.270,301.523) d=(+0.0000,+0.3863) dist=0.3863 yVel=-1.7170 simYVel=-1.6160 dYVel=+0.1010 gravity=1.000 speed=1.100 gnd=1/0/1/0 btnWant=0 btnHeld=0 jumpBuf=0 gravPortal=0 ud=0 simUD=0 udMismatch=0 plan=11110[0]00000
tick=9026 idx=17 pStart=9009 pred=(14000.884,301.523) actual=(14000.884,301.114) d=(+0.0000,+0.4091) dist=0.4091 yVel=-1.8180 simYVel=-1.7170 dYVel=+0.1010 gravity=1.000 speed=1.100 gnd=1/0/1/0 btnWant=0 btnHeld=0 jumpBuf=0 gravPortal=0 ud=0 simUD=0 udMismatch=0 plan=11100[0]00000
tick=9027 idx=18 pStart=9009 pred=(14002.498,301.114) actual=(14002.498,300.682) d=(+0.0000,+0.4318) dist=0.4318 yVel=-1.9190 simYVel=-1.8180 dYVel=+0.1010 gravity=1.000 speed=1.100 gnd=1/0/1/0 btnWant=0 btnHeld=0 jumpBuf=0 gravPortal=0 ud=0 simUD=0 udMismatch=0 plan=11000[0]00000
tick=9028 idx=19 pStart=9009 pred=(14004.112,300.682) actual=(14004.112,300.228) d=(+0.0000,+0.4545) dist=0.4545 yVel=-2.0200 simYVel=-1.9190 dYVel=+0.1010 gravity=1.000 speed=1.100 gnd=1/0/1/0 btnWant=0 btnHeld=0 jumpBuf=0 gravPortal=0 ud=0 simUD=0 udMismatch=0 plan=10000[0]00000
tick=9029 idx=20 pStart=9009 pred=(14005.727,300.228) actual=(14005.727,299.751) d=(+0.0000,+0.4772) dist=0.4772 yVel=-2.1210 simYVel=-2.0200 dYVel=+0.1010 gravity=1.000 speed=1.100 gnd=1/0/1/0 btnWant=0 btnHeld=0 jumpBuf=0 gravPortal=0 ud=0 simUD=0 udMismatch=0 plan=00000[0]00000
tick=9030 idx=21 pStart=9009 pred=(14007.341,299.751) actual=(14007.341,299.251) d=(+0.0000,+0.4999) dist=0.4999 yVel=-2.2220 simYVel=-2.1210 dYVel=+0.1010 gravity=1.000 speed=1.100 gnd=1/0/1/0 btnWant=0 btnHeld=0 jumpBuf=0 gravPortal=0 ud=0 simUD=0 udMismatch=0 plan=00000[0]00000
tick=9031 idx=22 pStart=9009 pred=(14008.955,299.251) actual=(14008.955,298.728) d=(+0.0000,+0.5227) dist=0.5227 yVel=-2.3230 simYVel=-2.2220 dYVel=+0.1010 gravity=1.000 speed=1.100 gnd=1/0/1/0 btnWant=0 btnHeld=0 jumpBuf=0 gravPortal=0 ud=0 simUD=0 udMismatch=0 plan=00000[0]00000
tick=9032 idx=23 pStart=9009 pred=(14010.569,298.728) actual=(14010.569,298.182) d=(+0.0000,+0.5454) dist=0.5454 yVel=-2.4240 simYVel=-2.3230 dYVel=+0.1010 gravity=1.000 speed=1.100 gnd=1/0/1/0 btnWant=0 btnHeld=0 jumpBuf=0 gravPortal=0 ud=0 simUD=0 udMismatch=0 plan=00000[0]00000
tick=9033 idx=24 pStart=9009 pred=(14012.184,298.182) actual=(14012.184,297.614) d=(+0.0000,+0.5681) dist=0.5681 yVel=-2.5250 simYVel=-2.4240 dYVel=+0.1010 gravity=1.000 speed=1.100 gnd=1/0/1/0 btnWant=0 btnHeld=0 jumpBuf=0 gravPortal=0 ud=0 simUD=0 udMismatch=0 plan=00000[0]00000
tick=9034 idx=25 pStart=9009 pred=(14013.798,297.614) actual=(14013.798,297.024) d=(+0.0000,+0.5909) dist=0.5909 yVel=-2.6260 simYVel=-2.5250 dYVel=+0.1010 gravity=1.000 speed=1.100 gnd=1/0/1/0 btnWant=0 btnHeld=0 jumpBuf=0 gravPortal=0 ud=0 simUD=0 udMismatch=0 plan=00000[0]00000
tick=9035 idx=26 pStart=9009 pred=(14015.412,297.024) actual=(14015.412,296.410) d=(+0.0000,+0.6136) dist=0.6136 yVel=-2.7270 simYVel=-2.6260 dYVel=+0.1010 gravity=1.000 speed=1.100 gnd=1/0/1/0 btnWant=0 btnHeld=0 jumpBuf=0 gravPortal=0 ud=0 simUD=0 udMismatch=0 plan=00000[0]00000
tick=9036 idx=27 pStart=9009 pred=(14017.026,296.410) actual=(14017.026,295.774) d=(+0.0000,+0.6363) dist=0.6363 yVel=-2.8280 simYVel=-2.7270 dYVel=+0.1010 gravity=1.000 speed=1.100 gnd=1/0/1/0 btnWant=0 btnHeld=0 jumpBuf=0 gravPortal=0 ud=0 simUD=0 udMismatch=0 plan=00000[0]00000
tick=9037 idx=28 pStart=9009 pred=(14018.641,295.774) actual=(14018.641,295.115) d=(+0.0000,+0.6590) dist=0.6590 yVel=-2.9290 simYVel=-2.8280 dYVel=+0.1010 gravity=1.000 speed=1.100 gnd=1/0/1/0 btnWant=0 btnHeld=0 jumpBuf=0 gravPortal=0 ud=0 simUD=0 udMismatch=0 plan=00000[0]00000
tick=9038 idx=29 pStart=9009 pred=(14020.255,295.115) actual=(14020.255,294.433) d=(+0.0000,+0.6818) dist=0.6818 yVel=-3.0300 simYVel=-2.9290 dYVel=+0.1010 gravity=1.000 speed=1.100 gnd=1/0/1/0 btnWant=0 btnHeld=0 jumpBuf=0 gravPortal=0 ud=0 simUD=0 udMismatch=0 plan=00000[0]00000
tick=9039 idx=30 pStart=9009 pred=(14021.869,294.433) actual=(14021.869,293.728) d=(+0.0000,+0.7045) dist=0.7045 yVel=-3.1310 simYVel=-3.0300 dYVel=+0.1010 gravity=1.000 speed=1.100 gnd=1/0/1/0 btnWant=0 btnHeld=0 jumpBuf=0 gravPortal=0 ud=0 simUD=0 udMismatch=0 plan=00000[0]00001
tick=9040 idx=31 pStart=9009 pred=(14023.483,293.728) actual=(14023.483,293.001) d=(+0.0000,+0.7272) dist=0.7272 yVel=-3.2320 simYVel=-3.1310 dYVel=+0.1010 gravity=1.000 speed=1.100 gnd=1/0/1/0 btnWant=0 btnHeld=0 jumpBuf=0 gravPortal=0 ud=0 simUD=0 udMismatch=0 plan=00000[0]00011
